../Core/Src/main.c:178:5:main	16	static
../Core/Src/main.c:255:6:SystemClock_Config	88	static
../Core/Src/main.c:302:13:MX_GPIO_Init	40	static
../Core/Src/main.c:357:6:LCD_WriteData	16	static,ignoring_inline_asm
../Core/Src/main.c:370:6:LCD_WriteCommand	16	static,ignoring_inline_asm
../Core/Src/main.c:383:6:LCD_Reset	8	static
../Core/Src/main.c:392:6:LCD_Init	8	static
../Core/Src/main.c:422:6:LCD_SetWindow	24	static
../Core/Src/main.c:438:6:LCD_DrawPixel	16	static
../Core/Src/main.c:446:6:LCD_FillRect	40	static
../Core/Src/main.c:463:6:LCD_Clear	24	static
../Core/Src/main.c:467:6:LCD_DrawChar	40	static
../Core/Src/main.c:491:6:LCD_DrawString	40	static
../Core/Src/main.c:499:6:Demo_ColorBars	24	static
../Core/Src/main.c:517:6:Demo_Text	16	static
../Core/Src/main.c:535:6:Demo_MovingBox	40	static
../Core/Src/main.c:587:6:Error_Handler	4	static,ignoring_inline_asm
